CPU zoo | threads=6 | cost=15.0 bps/side | seed={'seed': 0, 'random': True, 'numpy': True, 'torch': True, 'cuda': True}
panel: 206,152 eligible rows, 394 segments, 2018-02-13 -> 2026-09-24 (0.2s)

== lookahead proofs ==
  ml.features.assert_no_lookahead: 32 columns, all ok=True
  HAR columns: all ok=True

== ret_7d (logret_7d, weekly, 29,401 rows, 5 folds) ==
  folds: 2: train 1191 -> test 5240 [2020-08-03..2021-10-18] purged 19 | 3: train 6301 -> test 6900 [2021-10-25..2023-01-09] purged 149 | 4: train 13302 -> test 4935 [2023-01-16..2024-04-01] purged 48 | 5: train 18133 -> test 7349 [2024-04-08..2025-06-23] purged 152 | 6: train 25553 -> test 3767 [2025-06-30..2026-09-14] purged 81
    ridge              0.8s  {'alpha': 10000.0}
    elasticnet        53.6s  {'alpha': 1e-05, 'l1_ratio': 0.5}
    lightgbm           2.3s  {'num_leaves': 15, 'min_child_samples': 200, 'n_estimators': 300}
    xgboost           11.6s  {'max_depth': 7, 'n_estimators': 600, 'min_child_weight': 50.0}
    catboost          14.1s  {'depth': 4, 'iterations': 400}
    random_forest     11.9s  {'min_samples_leaf': 200}
    extra_trees        5.4s  {'min_samples_leaf': 50}
target                                                    model     n  rank_ic  ic_t  ic_periods  ic_hit_periods  dir_acc  dir_ci_lo  dir_ci_hi  beats_coinflip  xs_dir_acc  xs_dir_ci_lo  xs_dir_ci_hi  xs_beats_coinflip  r2_oos_vs_persistence    rmse  rmse_persistence  mape_ret_pct  mape_persistence_pct   family scale  fit_s
ret_7d baseline: -vol_60_xs + age_days (audit's filter, ranked) 28191  0.12205  8.69         320           0.678   0.5121     0.5062     0.5179            True      0.5402        0.5344        0.5461               True                    NaN     NaN           0.16471           NaN                 100.0 baseline  rank    NaN
ret_7d            baseline: -vol_60_xs (project's best feature) 28191  0.11602  8.63         320           0.688   0.5503     0.5445     0.5561            True      0.5365        0.5306        0.5423               True                    NaN     NaN           0.16471           NaN                 100.0 baseline  rank    NaN
ret_7d                                       baseline: age_days 28191  0.09104  7.46         320           0.694   0.4497     0.4439     0.4555           False      0.5329        0.5270        0.5388               True                    NaN     NaN           0.16471           NaN                 100.0 baseline  rank    NaN
ret_7d                                              extra_trees 28191  0.05370  4.86         320           0.594   0.5179     0.5120     0.5237            True      0.5150        0.5091        0.5209               True               -0.00274 0.16493           0.16471         128.6                 100.0   forest   NaN   5.44
ret_7d                                            random_forest 28191  0.05245  4.54         320           0.581   0.5212     0.5154     0.5270            True      0.5161        0.5102        0.5220               True               -0.00403 0.16504           0.16471         130.7                 100.0   forest   NaN  11.91
ret_7d                                                 catboost 28191  0.04913  4.57         320           0.600   0.5175     0.5117     0.5233            True      0.5165        0.5106        0.5223               True               -0.11027 0.17355           0.16471         212.3                 100.0     gbdt   NaN  14.06
ret_7d                                                    ridge 28191  0.04300  3.56         320           0.603   0.5056     0.4997     0.5114           False      0.5160        0.5101        0.5218               True               -0.04508 0.16838           0.16471         142.1                 100.0   linear   NaN   0.79
ret_7d                                                 lightgbm 28191  0.03753  3.65         320           0.594   0.5185     0.5127     0.5244            True      0.5134        0.5075        0.5192               True               -0.11723 0.17410           0.16471         217.2                 100.0     gbdt   NaN   2.26
ret_7d                                                  xgboost 28191  0.03315  3.57         320           0.588   0.5179     0.5120     0.5237            True      0.5099        0.5040        0.5158               True               -0.24990 0.18414           0.16471         295.2                 100.0     gbdt   NaN  11.60
ret_7d                                               elasticnet 28191  0.01177  1.13         320           0.522   0.5079     0.5021     0.5138            True      0.5035        0.4976        0.5093              False               -0.27491 0.18598           0.16471         207.6                 100.0   linear   NaN  53.57
ret_7d                                         baseline: mom_30 28191 -0.01324 -1.20         320           0.528   0.5242     0.5184     0.5300            True      0.4982        0.4924        0.5041              False                    NaN     NaN           0.16471           NaN                 100.0 baseline  rank    NaN
ret_7d                           baseline: persistence (pred 0) 28191      NaN   NaN           0             NaN      NaN        NaN        NaN           False         NaN           NaN           NaN              False                0.00000 0.16471           0.16471         100.0                 100.0 baseline   NaN    NaN

== ret_28d (logret_28d, weekly, 29,227 rows, 5 folds) ==
  folds: 2: train 1132 -> test 5083 [2020-08-03..2021-10-11] purged 72 | 3: train 5733 -> test 6982 [2021-10-18..2023-01-02] purged 554 | 4: train 13043 -> test 4670 [2023-01-09..2024-03-18] purged 226 | 5: train 17434 -> test 7461 [2024-03-25..2025-06-09] purged 505 | 6: train 25050 -> test 3827 [2025-06-16..2026-08-24] purged 350
    ridge              0.6s  {'alpha': 10000.0}
    elasticnet         1.2s  {'alpha': 0.0001, 'l1_ratio': 0.5}
    lightgbm           2.2s  {'num_leaves': 15, 'min_child_samples': 200, 'n_estimators': 300}
    xgboost           13.4s  {'max_depth': 7, 'n_estimators': 600, 'min_child_weight': 50.0}
    catboost          12.9s  {'depth': 4, 'iterations': 400}
    random_forest     12.1s  {'min_samples_leaf': 200}
    extra_trees        5.3s  {'min_samples_leaf': 50}
 target                                                    model     n  rank_ic  ic_t  ic_periods  ic_hit_periods  dir_acc  dir_ci_lo  dir_ci_hi  beats_coinflip  xs_dir_acc  xs_dir_ci_lo  xs_dir_ci_hi  xs_beats_coinflip  r2_oos_vs_persistence    rmse  rmse_persistence  mape_ret_pct  mape_persistence_pct   family scale  fit_s
ret_28d baseline: -vol_60_xs + age_days (audit's filter, ranked) 28023  0.18643  8.09         317           0.763   0.5314     0.5256     0.5372            True      0.5703        0.5644        0.5761               True                    NaN     NaN           0.32798           NaN                 100.0 baseline  rank    NaN
ret_28d            baseline: -vol_60_xs (project's best feature) 28023  0.17128  7.82         317           0.763   0.6180     0.6123     0.6237            True      0.5593        0.5534        0.5651               True                    NaN     NaN           0.32798           NaN                 100.0 baseline  rank    NaN
ret_28d                                       baseline: age_days 28023  0.14645  7.22         317           0.741   0.3820     0.3763     0.3877           False      0.5540        0.5481        0.5598               True                    NaN     NaN           0.32798           NaN                 100.0 baseline  rank    NaN
ret_28d                                            random_forest 28023  0.10647  6.13         317           0.722   0.5140     0.5081     0.5198            True      0.5423        0.5364        0.5481               True               -0.02131 0.33146           0.32798         158.5                 100.0   forest   NaN  12.08
ret_28d                                              extra_trees 28023  0.10239  5.38         317           0.700   0.5183     0.5125     0.5242            True      0.5390        0.5331        0.5448               True               -0.02376 0.33185           0.32798         155.2                 100.0   forest   NaN   5.34
ret_28d                                                    ridge 28023  0.09174  4.13         317           0.634   0.5148     0.5089     0.5206            True      0.5405        0.5347        0.5464               True               -0.15296 0.35217           0.32798         180.4                 100.0   linear   NaN   0.62
ret_28d                                                 catboost 28023  0.07641  4.84         317           0.672   0.5119     0.5060     0.5177            True      0.5310        0.5251        0.5369               True               -0.21950 0.36219           0.32798         279.1                 100.0     gbdt   NaN  12.90
ret_28d                                                 lightgbm 28023  0.05944  3.68         317           0.659   0.5194     0.5136     0.5253            True      0.5246        0.5187        0.5305               True               -0.24829 0.36644           0.32798         308.7                 100.0     gbdt   NaN   2.19
ret_28d                                                  xgboost 28023  0.04556  3.37         317           0.603   0.5128     0.5069     0.5187            True      0.5215        0.5156        0.5274               True               -0.38098 0.38543           0.32798         376.5                 100.0     gbdt   NaN  13.44
ret_28d                                               elasticnet 28023  0.03239  1.55         317           0.549   0.5099     0.5040     0.5157            True      0.5241        0.5182        0.5300               True               -0.78529 0.43823           0.32798         330.5                 100.0   linear   NaN   1.24
ret_28d                                         baseline: mom_30 28023 -0.01489 -1.02         317           0.521   0.5227     0.5168     0.5285            True      0.4945        0.4886        0.5004              False                    NaN     NaN           0.32798           NaN                 100.0 baseline  rank    NaN
ret_28d                           baseline: persistence (pred 0) 28023      NaN   NaN           0             NaN      NaN        NaN        NaN           False         NaN           NaN           NaN              False                0.00000 0.32798           0.32798         100.0                 100.0 baseline   NaN    NaN

== xsret_7d (logret_7d, weekly, 29,372 rows, 5 folds) ==
  folds: 2: train 1408 -> test 6236 [2020-10-12..2021-12-13] purged 29 | 3: train 7513 -> test 5961 [2021-12-20..2023-02-20] purged 160 | 4: train 13577 -> test 5266 [2023-02-27..2024-04-29] purged 57 | 5: train 18736 -> test 6865 [2024-05-06..2025-07-07] purged 164 | 6: train 25685 -> test 3607 [2025-07-14..2026-09-14] purged 80
    ridge              0.7s  {'alpha': 10000.0}
    elasticnet         1.8s  {'alpha': 0.001, 'l1_ratio': 0.5}
    lightgbm           7.9s  {'num_leaves': 63, 'min_child_samples': 50, 'n_estimators': 600}
    xgboost            5.0s  {'max_depth': 3, 'n_estimators': 400}
    catboost          17.0s  {'depth': 6, 'iterations': 400}
    random_forest     15.4s  {'min_samples_leaf': 50}
    extra_trees        5.1s  {'min_samples_leaf': 50}
  target                                                    model     n  rank_ic  ic_t  ic_periods  ic_hit_periods  dir_acc  dir_ci_lo  dir_ci_hi  beats_coinflip  xs_dir_acc  xs_dir_ci_lo  xs_dir_ci_hi  xs_beats_coinflip  r2_oos_vs_persistence    rmse  rmse_persistence  mape_ret_pct  mape_persistence_pct   family scale  fit_s
xsret_7d baseline: -vol_60_xs + age_days (audit's filter, ranked) 27935  0.12131  8.62         310           0.677   0.5122     0.5064     0.5181            True      0.5401        0.5342        0.5460               True                    NaN     NaN           0.16489           NaN                 100.0 baseline  rank    NaN
xsret_7d            baseline: -vol_60_xs (project's best feature) 27935  0.11444  8.48         310           0.687   0.5508     0.5449     0.5566            True      0.5359        0.5300        0.5418               True                    NaN     NaN           0.16489           NaN                 100.0 baseline  rank    NaN
xsret_7d                                              extra_trees 27935  0.10346  7.87         310           0.645   0.4787     0.4728     0.4845           False      0.5336        0.5277        0.5395               True                    NaN     NaN           0.16489           NaN                 100.0   forest  rank   5.10
xsret_7d                                                    ridge 27935  0.09496  6.61         310           0.665   0.4886     0.4828     0.4945           False      0.5307        0.5248        0.5366               True                    NaN     NaN           0.16489           NaN                 100.0   linear  rank   0.71
xsret_7d                                            random_forest 27935  0.09458  8.03         310           0.655   0.4912     0.4853     0.4971           False      0.5320        0.5261        0.5378               True                    NaN     NaN           0.16489           NaN                 100.0   forest  rank  15.44
xsret_7d                                       baseline: age_days 27935  0.09177  7.51         310           0.697   0.4492     0.4434     0.4551           False      0.5331        0.5272        0.5390               True                    NaN     NaN           0.16489           NaN                 100.0 baseline  rank    NaN
xsret_7d                                                 catboost 27935  0.09160  8.59         310           0.655   0.5009     0.4951     0.5068           False      0.5341        0.5282        0.5399               True                    NaN     NaN           0.16489           NaN                 100.0     gbdt  rank  17.00
xsret_7d                                               elasticnet 27935  0.08519  6.58         310           0.658   0.5002     0.4943     0.5061           False      0.5273        0.5214        0.5332               True                    NaN     NaN           0.16489           NaN                 100.0   linear  rank   1.83
xsret_7d                                                  xgboost 27935  0.08194  7.37         310           0.652   0.5077     0.5018     0.5135            True      0.5306        0.5247        0.5365               True                    NaN     NaN           0.16489           NaN                 100.0     gbdt  rank   4.99
xsret_7d                                                 lightgbm 27935  0.06325  7.49         310           0.658   0.5105     0.5046     0.5164            True      0.5222        0.5163        0.5281               True                    NaN     NaN           0.16489           NaN                 100.0     gbdt  rank   7.87
xsret_7d                                         baseline: mom_30 27935 -0.01035 -0.93         310           0.523   0.5247     0.5189     0.5306            True      0.4984        0.4925        0.5043              False                    NaN     NaN           0.16489           NaN                 100.0 baseline  rank    NaN
xsret_7d                           baseline: persistence (pred 0) 27935      NaN   NaN           0             NaN      NaN        NaN        NaN           False         NaN           NaN           NaN              False                    0.0 0.16489           0.16489         100.0                 100.0 baseline   NaN    NaN

== xsret_28d (logret_28d, weekly, 29,198 rows, 5 folds) ==
  folds: 2: train 1289 -> test 6098 [2020-10-05..2021-12-06] purged 110 | 3: train 6869 -> test 5993 [2021-12-13..2023-02-06] purged 628 | 4: train 13283 -> test 5036 [2023-02-13..2024-04-15] purged 207 | 5: train 17910 -> test 7008 [2024-04-22..2025-06-23] purged 616 | 6: train 25200 -> test 3664 [2025-06-30..2026-08-24] purged 334
    ridge              0.5s  {'alpha': 100.0}
    elasticnet         0.7s  {'alpha': 0.0001, 'l1_ratio': 0.9}
    lightgbm           3.7s  {'num_leaves': 31, 'min_child_samples': 100, 'n_estimators': 400}
    xgboost            4.1s  {'max_depth': 3, 'n_estimators': 400}
    catboost          47.8s  {'depth': 8, 'iterations': 600, 'l2_leaf_reg': 10.0}
    random_forest     13.1s  {'min_samples_leaf': 50}
    extra_trees        5.4s  {'min_samples_leaf': 50}
   target                                                    model     n  rank_ic  ic_t  ic_periods  ic_hit_periods  dir_acc  dir_ci_lo  dir_ci_hi  beats_coinflip  xs_dir_acc  xs_dir_ci_lo  xs_dir_ci_hi  xs_beats_coinflip  r2_oos_vs_persistence    rmse  rmse_persistence  mape_ret_pct  mape_persistence_pct   family scale  fit_s
xsret_28d baseline: -vol_60_xs + age_days (audit's filter, ranked) 27799  0.17986  7.83         308           0.760   0.5309     0.5251     0.5368            True      0.5693        0.5634        0.5751               True                    NaN     NaN           0.32849           NaN                 100.0 baseline  rank    NaN
xsret_28d            baseline: -vol_60_xs (project's best feature) 27799  0.16325  7.63         308           0.760   0.6180     0.6123     0.6237            True      0.5580        0.5521        0.5638               True                    NaN     NaN           0.32849           NaN                 100.0 baseline  rank    NaN
xsret_28d                                              extra_trees 27799  0.15497  7.16         308           0.756   0.4610     0.4551     0.4668           False      0.5510        0.5451        0.5568               True                    NaN     NaN           0.32849           NaN                 100.0   forest  rank   5.45
xsret_28d                                            random_forest 27799  0.14702  7.44         308           0.769   0.4947     0.4888     0.5006           False      0.5505        0.5446        0.5564               True                    NaN     NaN           0.32849           NaN                 100.0   forest  rank  13.11
xsret_28d                                       baseline: age_days 27799  0.14266  6.96         308           0.737   0.3820     0.3763     0.3877           False      0.5536        0.5477        0.5595               True                    NaN     NaN           0.32849           NaN                 100.0 baseline  rank    NaN
xsret_28d                                                    ridge 27799  0.12126  5.49         308           0.679   0.5118     0.5059     0.5177            True      0.5387        0.5328        0.5446               True                    NaN     NaN           0.32849           NaN                 100.0   linear  rank   0.52
xsret_28d                                                 catboost 27799  0.12069  7.93         308           0.766   0.4969     0.4910     0.5027           False      0.5400        0.5341        0.5459               True                    NaN     NaN           0.32849           NaN                 100.0     gbdt  rank  47.80
xsret_28d                                               elasticnet 27799  0.12020  5.44         308           0.682   0.5119     0.5060     0.5178            True      0.5391        0.5332        0.5450               True                    NaN     NaN           0.32849           NaN                 100.0   linear  rank   0.65
xsret_28d                                                  xgboost 27799  0.11283  6.68         308           0.688   0.4985     0.4927     0.5044           False      0.5318        0.5259        0.5377               True                    NaN     NaN           0.32849           NaN                 100.0     gbdt  rank   4.11
xsret_28d                                                 lightgbm 27799  0.08028  5.27         308           0.662   0.4965     0.4906     0.5024           False      0.5254        0.5195        0.5313               True                    NaN     NaN           0.32849           NaN                 100.0     gbdt  rank   3.69
xsret_28d                                         baseline: mom_30 27799 -0.01402 -0.95         308           0.519   0.5240     0.5181     0.5299            True      0.4946        0.4887        0.5005              False                    NaN     NaN           0.32849           NaN                 100.0 baseline  rank    NaN
xsret_28d                           baseline: persistence (pred 0) 27799      NaN   NaN           0             NaN      NaN        NaN        NaN           False         NaN           NaN           NaN              False                    0.0 0.32849           0.32849         100.0                 100.0 baseline   NaN    NaN

== vol_7d (rvol_7d, weekly, 29,401 rows, 5 folds) ==
  folds: 2: train 1191 -> test 5240 [2020-08-03..2021-10-18] purged 19 | 3: train 6301 -> test 6900 [2021-10-25..2023-01-09] purged 149 | 4: train 13302 -> test 4935 [2023-01-16..2024-04-01] purged 48 | 5: train 18133 -> test 7349 [2024-04-08..2025-06-23] purged 152 | 6: train 25553 -> test 3767 [2025-06-30..2026-09-14] purged 81
    ridge              0.8s  {'alpha': 1000.0}
    elasticnet         1.3s  {'alpha': 0.001, 'l1_ratio': 0.5}
    lightgbm           2.3s  {'num_leaves': 15, 'min_child_samples': 200, 'n_estimators': 300}
    xgboost            4.5s  {'max_depth': 3, 'n_estimators': 400}
    catboost          13.2s  {'depth': 4, 'iterations': 400}
    random_forest     12.6s  {'min_samples_leaf': 50}
    extra_trees        4.9s  {'min_samples_leaf': 50}
    har                0.2s  {}
target                                        model     n  r2_vs_train_mean  r2_vs_test_mean    rmse   corr  spearman        qlike     bias   family  fit_s
vol_7d                                     catboost 28191            0.1803           0.1325 0.61169 0.4275    0.4837 1.493180e+00 -0.14704     gbdt  13.25
vol_7d                                      xgboost 28191            0.1587           0.1096 0.61971 0.4023    0.4548 1.542360e+00 -0.14883     gbdt   4.45
vol_7d                                          har 28191            0.1356           0.0852 0.62816 0.3753    0.4401 1.517320e+00 -0.15298     stat   0.18
vol_7d                                     lightgbm 28191            0.1206           0.0693 0.63358 0.3669    0.4400 1.583940e+00 -0.16701     gbdt   2.27
vol_7d                                random_forest 28191            0.1069           0.0548 0.63849 0.3636    0.4555 1.572690e+00 -0.17874   forest  12.58
vol_7d                                  extra_trees 28191            0.0691           0.0148 0.65188 0.3276    0.4066 1.640320e+00 -0.19285   forest   4.93
vol_7d                 baseline: EWMA(0.94) untuned 28191           -0.1890          -0.2584 0.73671 0.3311    0.4379 1.312394e+01  0.13355 baseline    NaN
vol_7d                    baseline: trailing RV(30) 26652           -0.2751          -0.3362 0.74623 0.3280    0.4425 1.369480e+00  0.15008 baseline    NaN
vol_7d garch_lite (pooled GARCH(1,1), var-targeted) 28191           -0.3091          -0.3855 0.77303 0.2716    0.3673 1.483227e+13  0.28903     stat    NaN
vol_7d                     baseline: trailing RV(7) 27827           -0.5893          -0.6774 0.84562 0.3199    0.4157 1.845290e+00  0.04509 baseline    NaN
vol_7d                                        ridge 28191           -1.0323          -1.1508 0.96314 0.2295    0.4775 1.505300e+00 -0.05861   linear   0.78
vol_7d                                   elasticnet 28191           -1.2678          -1.4000 1.01743 0.2243    0.4669 1.532520e+00 -0.04449   linear   1.34

== vol_28d (rvol_28d, weekly, 29,227 rows, 5 folds) ==
  folds: 2: train 1132 -> test 5083 [2020-08-03..2021-10-11] purged 72 | 3: train 5733 -> test 6982 [2021-10-18..2023-01-02] purged 554 | 4: train 13043 -> test 4670 [2023-01-09..2024-03-18] purged 226 | 5: train 17434 -> test 7461 [2024-03-25..2025-06-09] purged 505 | 6: train 25050 -> test 3827 [2025-06-16..2026-08-24] purged 350
    ridge              0.5s  {'alpha': 10000.0}
    elasticnet         0.8s  {'alpha': 0.001, 'l1_ratio': 0.5}
    lightgbm           2.0s  {'num_leaves': 15, 'min_child_samples': 200, 'n_estimators': 300}
    xgboost            7.3s  {'max_depth': 4, 'n_estimators': 800, 'learning_rate': 0.02}
    catboost          47.9s  {'depth': 8, 'iterations': 600, 'l2_leaf_reg': 10.0}
    random_forest     11.3s  {'min_samples_leaf': 50}
    extra_trees        5.2s  {'min_samples_leaf': 50}
    har                0.2s  {}
 target                                        model     n  r2_vs_train_mean  r2_vs_test_mean    rmse   corr  spearman        qlike     bias   family  fit_s
vol_28d                                      xgboost 28023            0.1973           0.1156 0.47702 0.4061    0.4511 1.398470e+00 -0.08039     gbdt   7.29
vol_28d                                     catboost 28023            0.1653           0.0803 0.48646 0.3727    0.4457 1.418470e+00 -0.11467     gbdt  47.87
vol_28d                                          har 28023            0.1638           0.0787 0.48688 0.3667    0.4508 1.419230e+00 -0.11977     stat   0.20
vol_28d                                random_forest 28023            0.1399           0.0524 0.49379 0.3509    0.4451 1.440130e+00 -0.13487   forest  11.33
vol_28d                                     lightgbm 28023            0.1213           0.0319 0.49909 0.3330    0.4091 1.460920e+00 -0.12353     gbdt   2.04
vol_28d                                  extra_trees 28023            0.1049           0.0139 0.50372 0.3116    0.3849 1.468750e+00 -0.14628   forest   5.16
vol_28d                                        ridge 28023           -0.1463          -0.2630 0.57007 0.3223    0.5131 1.387140e+00 -0.08718   linear   0.51
vol_28d garch_lite (pooled GARCH(1,1), var-targeted) 28023           -0.4142          -0.5581 0.63317 0.3344    0.4423 1.129704e+13  0.22817     stat    NaN
vol_28d                 baseline: EWMA(0.94) untuned 28023           -0.4189          -0.5634 0.63423 0.3529    0.4756 9.225810e+00  0.07172 baseline    NaN
vol_28d                    baseline: trailing RV(30) 26492           -0.5805          -0.7144 0.64101 0.3582    0.4864 1.462960e+00  0.09018 baseline    NaN
vol_28d                    baseline: trailing RV(28) 26599           -0.5889          -0.7259 0.64565 0.3583    0.4845 1.485000e+00  0.08479 baseline    NaN
vol_28d                                   elasticnet 28023           -1.2645          -1.4950 0.80123 0.3144    0.4528 1.442250e+00  0.00987   linear   0.75

== dd_7d_20 (dd_7d_20, weekly, 29,403 rows, 5 folds) ==
  folds: 2: train 1192 -> test 5240 [2020-08-03..2021-10-18] purged 19 | 3: train 6302 -> test 6901 [2021-10-25..2023-01-09] purged 149 | 4: train 13304 -> test 4935 [2023-01-16..2024-04-01] purged 48 | 5: train 18135 -> test 7349 [2024-04-08..2025-06-23] purged 152 | 6: train 25555 -> test 3767 [2025-06-30..2026-09-14] purged 81
    logistic           1.2s  {'C': 0.001}
    lightgbm           3.4s  {'num_leaves': 7, 'min_child_samples': 500, 'n_estimators': 800, 'learning_rate': 0.02}
    xgboost            5.8s  {'max_depth': 4, 'n_estimators': 800, 'learning_rate': 0.02}
    catboost          12.8s  {'depth': 6, 'iterations': 400}
    random_forest     13.5s  {'min_samples_leaf': 50}
    extra_trees        5.9s  {'min_samples_leaf': 50}
  target                                                    model     n  base_rate_test  base_rate_train   brier  brier_base  brier_skill  brier_skill_vs_test_base    auc  p_top_decile  p_bottom_decile  lift_top_decile  mean_abs_calib_gap   family  fit_s
dd_7d_20                                              extra_trees 28192          0.1827           0.1074 0.14751     0.15497       0.0482                    0.0120 0.6062        0.2636           0.0876            1.443              0.0378   forest   5.87
dd_7d_20                                            random_forest 28192          0.1827           0.1074 0.14758     0.15497       0.0477                    0.0115 0.6016        0.2820           0.1146            1.544              0.0452   forest  13.53
dd_7d_20                                                 logistic 28192          0.1827           0.1074 0.14790     0.15497       0.0457                    0.0094 0.6172        0.3168           0.1054            1.734              0.1763   linear   1.19
dd_7d_20 baseline: vol_60_xs decile lookup (the audit's own rule) 28192          0.1827           0.1074 0.15091     0.15497       0.0262                   -0.0108 0.5431        0.2252           0.1551            1.233              0.0459 baseline    NaN
dd_7d_20                         baseline: age_days decile lookup 28192          0.1827           0.1074 0.15197     0.15497       0.0194                   -0.0179 0.5306        0.2092           0.1809            1.145              0.0458 baseline    NaN
dd_7d_20                      baseline: funding_ann decile lookup 28192          0.1827           0.1074 0.15258     0.15497       0.0154                   -0.0219 0.4792        0.1171           0.2273            0.641              0.0595 baseline    NaN
dd_7d_20                             baseline: training base rate 28192          0.1827           0.1074 0.15497     0.15497       0.0000                   -0.0380 0.5000           NaN              NaN              NaN              0.0753 baseline    NaN
dd_7d_20                                                 lightgbm 28192          0.1827           0.1074 0.15616     0.15497      -0.0076                   -0.0459 0.5605        0.2164           0.1288            1.185              0.1957     gbdt   3.40
dd_7d_20                                                 catboost 28192          0.1827           0.1074 0.16005     0.15497      -0.0327                   -0.0720 0.5542        0.2299           0.1323            1.258              0.2119     gbdt  12.75
dd_7d_20                                                  xgboost 28192          0.1827           0.1074 0.16267     0.15497      -0.0497                   -0.0895 0.5378        0.2065           0.1657            1.130              0.1984     gbdt   5.78

== dd_7d_40 (dd_7d_40, weekly, 29,402 rows, 5 folds) ==
  folds: 2: train 1191 -> test 5240 [2020-08-03..2021-10-18] purged 19 | 3: train 6301 -> test 6901 [2021-10-25..2023-01-09] purged 149 | 4: train 13303 -> test 4935 [2023-01-16..2024-04-01] purged 48 | 5: train 18134 -> test 7349 [2024-04-08..2025-06-23] purged 152 | 6: train 25554 -> test 3767 [2025-06-30..2026-09-14] purged 81
    logistic           2.0s  {'C': 0.01}
    lightgbm           4.4s  {'num_leaves': 7, 'min_child_samples': 500, 'n_estimators': 800, 'learning_rate': 0.02}
    xgboost            2.4s  {'max_depth': 3, 'n_estimators': 400}
    catboost          12.6s  {'depth': 6, 'iterations': 400}
    random_forest     13.5s  {'min_samples_leaf': 50}
    extra_trees        7.6s  {'min_samples_leaf': 50}
  target                                                    model     n  base_rate_test  base_rate_train   brier  brier_base  brier_skill  brier_skill_vs_test_base    auc  p_top_decile  p_bottom_decile  lift_top_decile  mean_abs_calib_gap   family  fit_s
dd_7d_40                      baseline: funding_ann decile lookup 28192          0.0292           0.0151 0.02838      0.0285       0.0043                   -0.0026 0.5507        0.0143           0.0376            0.490              0.0005 baseline    NaN
dd_7d_40                         baseline: age_days decile lookup 28192          0.0292           0.0151 0.02847      0.0285       0.0013                   -0.0056 0.5229        0.0313           0.0252            1.075              0.0057 baseline    NaN
dd_7d_40                                              extra_trees 28192          0.0292           0.0151 0.02849      0.0285       0.0006                   -0.0063 0.5791        0.0266           0.0128            0.912              0.0110   forest   7.57
dd_7d_40 baseline: vol_60_xs decile lookup (the audit's own rule) 28192          0.0292           0.0151 0.02849      0.0285       0.0005                   -0.0065 0.5138        0.0266           0.0235            0.912              0.0018 baseline    NaN
dd_7d_40                             baseline: training base rate 28192          0.0292           0.0151 0.02850      0.0285       0.0000                   -0.0070 0.5000           NaN              NaN              NaN              0.0140 baseline    NaN
dd_7d_40                                            random_forest 28192          0.0292           0.0151 0.02861      0.0285      -0.0037                   -0.0107 0.5579        0.0351           0.0220            1.204              0.0554   forest  13.55
dd_7d_40                                                 catboost 28192          0.0292           0.0151 0.02910      0.0285      -0.0208                   -0.0279 0.5743        0.0472           0.0103            1.618              0.1627     gbdt  12.64
dd_7d_40                                                 lightgbm 28192          0.0292           0.0151 0.02951      0.0285      -0.0353                   -0.0426 0.5220        0.0234           0.0177            0.803              0.1677     gbdt   4.43
dd_7d_40                                                  xgboost 28192          0.0292           0.0151 0.02955      0.0285      -0.0368                   -0.0440 0.5836        0.0497           0.0121            1.703              0.1735     gbdt   2.35
dd_7d_40                                                 logistic 28192          0.0292           0.0151 0.03949      0.0285      -0.3854                   -0.3951 0.5759        0.0532           0.0163            1.825              0.4227   linear   2.03

== dd_28d_20 (dd_28d_20, weekly, 29,267 rows, 5 folds) ==
  folds: 2: train 1137 -> test 5233 [2020-08-03..2021-10-18] purged 72 | 3: train 5871 -> test 6888 [2021-10-25..2023-01-09] purged 571 | 4: train 13118 -> test 4928 [2023-01-16..2024-04-01] purged 212 | 5: train 17692 -> test 7336 [2024-04-08..2025-06-23] purged 566 | 6: train 25260 -> test 3673 [2025-06-30..2026-09-07] purged 334
    logistic           3.5s  {'C': 0.01}
    lightgbm           2.5s  {'num_leaves': 15, 'min_child_samples': 200, 'n_estimators': 300}
    xgboost            7.4s  {'max_depth': 4, 'n_estimators': 800, 'learning_rate': 0.02}
    catboost          12.4s  {'depth': 6, 'iterations': 400}
    random_forest      9.5s  {'min_samples_leaf': 50}
    extra_trees        6.4s  {'min_samples_leaf': 50}
   target                                                    model     n  base_rate_test  base_rate_train   brier  brier_base  brier_skill  brier_skill_vs_test_base    auc  p_top_decile  p_bottom_decile  lift_top_decile  mean_abs_calib_gap   family  fit_s
dd_28d_20 baseline: vol_60_xs decile lookup (the audit's own rule) 28058          0.5278           0.3544 0.25033     0.27928       0.1037                   -0.0044 0.5576        0.5621           0.4200            1.065              0.0715 baseline    NaN
dd_28d_20                                            random_forest 28058          0.5278           0.3544 0.26068     0.27928       0.0666                   -0.0459 0.5949        0.6406           0.4018            1.214              0.1278   forest   9.52
dd_28d_20                         baseline: age_days decile lookup 28058          0.5278           0.3544 0.26375     0.27928       0.0556                   -0.0583 0.5362        0.5862           0.4802            1.111              0.1237 baseline    NaN
dd_28d_20                                              extra_trees 28058          0.5278           0.3544 0.26469     0.27928       0.0522                   -0.0620 0.5842        0.6292           0.3939            1.192              0.1048   forest   6.45
dd_28d_20                      baseline: funding_ann decile lookup 28058          0.5278           0.3544 0.27268     0.27928       0.0236                   -0.0941 0.4770        0.5507           0.4918            1.043              0.2053 baseline    NaN
dd_28d_20                             baseline: training base rate 28058          0.5278           0.3544 0.27928     0.27928       0.0000                   -0.1206 0.5000           NaN              NaN              NaN              0.1734 baseline    NaN
dd_28d_20                                                 logistic 28058          0.5278           0.3544 0.28996     0.27928      -0.0382                   -0.1634 0.5506        0.6032           0.4916            1.143              0.2007   linear   3.53
dd_28d_20                                                 lightgbm 28058          0.5278           0.3544 0.29473     0.27928      -0.0553                   -0.1826 0.5720        0.6317           0.4838            1.197              0.1812     gbdt   2.45
dd_28d_20                                                 catboost 28058          0.5278           0.3544 0.29837     0.27928      -0.0684                   -0.1972 0.5746        0.5961           0.4481            1.129              0.2147     gbdt  12.42
dd_28d_20                                                  xgboost 28058          0.5278           0.3544 0.30132     0.27928      -0.0789                   -0.2090 0.5609        0.5904           0.4902            1.119              0.2155     gbdt   7.36

== dd_28d_40 (dd_28d_40, weekly, 29,239 rows, 5 folds) ==
  folds: 2: train 1132 -> test 5083 [2020-08-03..2021-10-11] purged 72 | 3: train 5733 -> test 6986 [2021-10-18..2023-01-02] purged 554 | 4: train 13047 -> test 4672 [2023-01-09..2024-03-18] purged 226 | 5: train 17440 -> test 7467 [2024-03-25..2025-06-09] purged 505 | 6: train 25062 -> test 3827 [2025-06-16..2026-08-24] purged 350
    logistic           1.2s  {'C': 0.001}
    lightgbm           4.2s  {'num_leaves': 7, 'min_child_samples': 500, 'n_estimators': 800, 'learning_rate': 0.02}
    xgboost            5.0s  {'max_depth': 4, 'n_estimators': 800, 'learning_rate': 0.02}
    catboost           6.6s  {'depth': 4, 'iterations': 400}
    random_forest      8.8s  {'min_samples_leaf': 500}
    extra_trees        5.5s  {'min_samples_leaf': 500}
   target                                                    model     n  base_rate_test  base_rate_train   brier  brier_base  brier_skill  brier_skill_vs_test_base    auc  p_top_decile  p_bottom_decile  lift_top_decile  mean_abs_calib_gap   family  fit_s
dd_28d_40                                            random_forest 28035            0.19            0.106 0.15743     0.16096       0.0220                   -0.0229 0.5724        0.2169           0.0710            1.142              0.0529   forest   8.77
dd_28d_40                                              extra_trees 28035            0.19            0.106 0.15756     0.16096       0.0212                   -0.0237 0.5669        0.2041           0.0646            1.074              0.0517   forest   5.48
dd_28d_40                      baseline: funding_ann decile lookup 28035            0.19            0.106 0.15812     0.16096       0.0177                   -0.0274 0.4715        0.2205           0.2198            1.161              0.1023 baseline    NaN
dd_28d_40 baseline: vol_60_xs decile lookup (the audit's own rule) 28035            0.19            0.106 0.15847     0.16096       0.0155                   -0.0297 0.5211        0.2110           0.1711            1.111              0.0812 baseline    NaN
dd_28d_40                         baseline: age_days decile lookup 28035            0.19            0.106 0.15850     0.16096       0.0153                   -0.0299 0.5331        0.2315           0.1571            1.218              0.0569 baseline    NaN
dd_28d_40                             baseline: training base rate 28035            0.19            0.106 0.16096     0.16096       0.0000                   -0.0459 0.5000           NaN              NaN              NaN              0.0840 baseline    NaN
dd_28d_40                                                 logistic 28035            0.19            0.106 0.16228     0.16096      -0.0081                   -0.0544 0.5986        0.2861           0.1516            1.506              0.2415   linear   1.21
dd_28d_40                                                 lightgbm 28035            0.19            0.106 0.16572     0.16096      -0.0295                   -0.0767 0.5799        0.2465           0.1227            1.297              0.2258     gbdt   4.17
dd_28d_40                                                 catboost 28035            0.19            0.106 0.16948     0.16096      -0.0529                   -0.1012 0.5839        0.2633           0.1156            1.386              0.2717     gbdt   6.59
dd_28d_40                                                  xgboost 28035            0.19            0.106 0.17467     0.16096      -0.0851                   -0.1349 0.5582        0.2187           0.1491            1.151              0.3468     gbdt   5.05

== costed books (15 bps/side, long-only, rebalance = label horizon) ==
   target  top_k                         book   CAGR   vol  Sharpe  MaxDD  turn/yr  cost drag %/yr  sharpe_se  years  n_periods  total_return_pct
   ret_7d    5.0             extra_trees top5  14.54 88.07   0.568 -86.16    58.42            8.76      0.405   6.12        319             129.5
   ret_7d   10.0            extra_trees top10  26.36 83.73   0.684 -82.59    50.77            7.62      0.405   6.12        319             318.5
   ret_7d   20.0            extra_trees top20   5.94 83.91   0.483 -90.48    41.80            6.27      0.405   6.12        319              42.4
   ret_7d    NaN    equal-weight all eligible -11.40 85.80   0.289 -95.77     4.76            0.71      0.404   6.12        319             -52.3
   ret_7d    NaN             BTC buy-and-hold  37.32 59.50   0.827 -76.63     0.16            0.02      0.406   6.12        319             595.9
   ret_7d   10.0 -vol_60_xs top10 (1 feature)  28.81 69.15   0.704 -77.69    13.14            1.97      0.405   6.12        319             370.6
  ret_28d    5.0           random_forest top5 -16.12 79.83   0.155 -95.34    15.54            2.33      0.406   6.06         79             -65.5
  ret_28d   10.0          random_forest top10   1.64 83.98   0.397 -89.53    13.89            2.08      0.407   6.06         79              10.4
  ret_28d   20.0          random_forest top20   0.51 81.17   0.374 -86.39    11.72            1.76      0.407   6.06         79               3.1
  ret_28d    NaN    equal-weight all eligible  -9.35 88.58   0.293 -95.02     4.03            0.60      0.407   6.06         79             -44.8
  ret_28d    NaN             BTC buy-and-hold  37.96 64.91   0.805 -74.98     0.17            0.02      0.411   6.06         79             603.0
  ret_28d   10.0 -vol_60_xs top10 (1 feature)  24.23 73.49   0.617 -76.69     8.02            1.20      0.409   6.06         79             272.4
 xsret_7d    5.0             extra_trees top5  39.64 67.22   0.833 -81.33    21.97            3.30      0.412   5.93        309             623.4
 xsret_7d   10.0            extra_trees top10  40.34 73.90   0.823 -75.53    27.24            4.09      0.412   5.93        309             645.0
 xsret_7d   20.0            extra_trees top20  27.45 79.73   0.695 -82.50    25.85            3.88      0.412   5.93        309             321.0
 xsret_7d    NaN    equal-weight all eligible -10.95 86.16   0.296 -95.77     4.76            0.71      0.411   5.93        309             -49.7
 xsret_7d    NaN             BTC buy-and-hold  38.10 60.10   0.833 -76.63     0.17            0.03      0.412   5.93        309             577.2
 xsret_7d   10.0 -vol_60_xs top10 (1 feature)  28.38 69.46   0.699 -77.69    13.40            2.01      0.412   5.93        309             339.5
xsret_28d    5.0             extra_trees top5  54.38 87.15   0.832 -63.24     6.55            0.98      0.420   5.83         76            1157.7
xsret_28d   10.0            extra_trees top10  32.09 93.22   0.667 -73.13     8.27            1.24      0.418   5.83         76             406.7
xsret_28d   20.0            extra_trees top20  12.99 86.85   0.512 -73.19     8.37            1.26      0.416   5.83         76             103.8
xsret_28d    NaN    equal-weight all eligible -12.96 96.95   0.293 -95.09     3.96            0.59      0.415   5.83         76             -55.5
xsret_28d    NaN             BTC buy-and-hold  35.50 65.21   0.768 -73.38     0.17            0.03      0.419   5.83         76             487.9
xsret_28d   10.0 -vol_60_xs top10 (1 feature)  26.70 87.49   0.621 -77.35     7.62            1.14      0.417   5.83         76             297.4

== winners: importance, time-proxy, label-shuffle ==
  ret_7d / extra_trees: top permutation drops -> vol_120_xs +0.0278, vol_60_xs +0.0262, above_ma_50 +0.0195, amihud_30_xs +0.0157, adv_90_xs +0.0098, vol_20_xs +0.0093
  ret_28d / random_forest: top permutation drops -> amihud_30_xs +0.0441, vol_120_xs +0.0409, vol_60_xs +0.0312, vol_60 +0.0304, adv_90_xs +0.0178, age_days +0.0164
  xsret_7d / extra_trees: top permutation drops -> vol_60_xs +0.0297, amihud_30_xs +0.0146, age_days +0.0139, vol_120_xs +0.0133, dist_from_high_365 +0.0082, adv_90_xs +0.0074
  xsret_28d / extra_trees: top permutation drops -> vol_60_xs +0.0502, amihud_30_xs +0.0428, adv_90_xs +0.0285, vol_120_xs +0.0242, age_days +0.0206, dist_from_high_365 +0.0168
  vol_7d / catboost: top permutation drops -> har_rv_m +0.0260, vol_120 +0.0238, har_rv_w +0.0134, vol_120_xs +0.0084, mom_30 +0.0080, mom_7 +0.0067
  vol_28d / xgboost: top permutation drops -> vol_120 +0.1110, har_rv_m +0.0490, drawdown_from_ath_xs +0.0356, drawdown_from_ath +0.0215, vol_120_xs +0.0206, vol_60_xs +0.0165
  dd_7d_20 / extra_trees: top permutation drops -> vol_120_xs +0.0035, vol_60 +0.0027, vol_60_xs +0.0026, har_rv_m +0.0025, har_rv_w +0.0025, vol_120 +0.0023
  dd_7d_40 / extra_trees: top permutation drops -> above_ma_200 +0.0019, mom_90 +0.0009, dist_from_high_365_xs +0.0007, drawdown_from_ath +0.0006, vol_ratio_20_60 +0.0003, vol_trend_30_180 +0.0003
  dd_28d_20 / random_forest: top permutation drops -> vol_120 +0.0132, vol_60 +0.0099, har_rv_m +0.0081, vol_120_xs +0.0063, amihud_30_xs +0.0057, vol_20 +0.0045
  dd_28d_40 / random_forest: top permutation drops -> vol_120_xs +0.0017, vol_trend_30_180 +0.0010, vol_60_xs +0.0010, drawdown_from_ath +0.0008, mom_90 +0.0007, mom_365 +0.0006

== label-shuffle control (must collapse to the baseline) ==
   target     scope                              model     n  rank_ic  ic_t  ic_periods  ic_hit_periods  dir_acc  dir_ci_lo  dir_ci_hi beats_coinflip  xs_dir_acc  xs_dir_ci_lo  xs_dir_ci_hi xs_beats_coinflip  r2_oos_vs_persistence    rmse  rmse_persistence  mape_ret_pct  mape_persistence_pct scale  r2_vs_train_mean  r2_vs_test_mean   corr  spearman   qlike     bias  base_rate_test  base_rate_train   brier  brier_base  brier_skill  brier_skill_vs_test_base    auc  p_top_decile  p_bottom_decile  lift_top_decile  mean_abs_calib_gap
   ret_7d    global      extra_trees [shuffled global] 28191 -0.00222 -0.33       320.0           0.497   0.5464     0.5406     0.5522           True      0.4979        0.4921        0.5038             False                0.00722 0.16332           0.16392         146.3                 100.0   NaN               NaN              NaN    NaN       NaN     NaN      NaN             NaN              NaN     NaN         NaN          NaN                       NaN    NaN           NaN              NaN              NaN                 NaN
   ret_7d within_ts   extra_trees [shuffled within_ts] 28191 -0.00847 -1.35       320.0           0.534   0.5073     0.5015     0.5131           True      0.4986        0.4927        0.5045             False               -0.00524 0.16514           0.16471         125.2                 100.0   NaN               NaN              NaN    NaN       NaN     NaN      NaN             NaN              NaN     NaN         NaN          NaN                       NaN    NaN           NaN              NaN              NaN                 NaN
  ret_28d    global    random_forest [shuffled global] 28023 -0.00545 -0.77       317.0           0.505   0.6119     0.6062     0.6176           True      0.4980        0.4921        0.5038             False                0.03362 0.32137           0.32692         198.5                 100.0   NaN               NaN              NaN    NaN       NaN     NaN      NaN             NaN              NaN     NaN         NaN          NaN                       NaN    NaN           NaN              NaN              NaN                 NaN
  ret_28d within_ts random_forest [shuffled within_ts] 28023  0.00200  0.30       317.0           0.498   0.5027     0.4968     0.5085          False      0.5012        0.4953        0.5071             False               -0.02741 0.33244           0.32798         152.2                 100.0   NaN               NaN              NaN    NaN       NaN     NaN      NaN             NaN              NaN     NaN         NaN          NaN                       NaN    NaN           NaN              NaN              NaN                 NaN
 xsret_7d    global      extra_trees [shuffled global] 27935 -0.00303 -0.45       310.0           0.500   0.4569     0.4510     0.4627          False      0.4950        0.4891        0.5009             False                    NaN     NaN           0.16390           NaN                 100.0  rank               NaN              NaN    NaN       NaN     NaN      NaN             NaN              NaN     NaN         NaN          NaN                       NaN    NaN           NaN              NaN              NaN                 NaN
 xsret_7d within_ts   extra_trees [shuffled within_ts] 27935 -0.00398 -0.58       310.0           0.519   0.4520     0.4462     0.4579          False      0.4926        0.4867        0.4985             False                    NaN     NaN           0.16489           NaN                 100.0  rank               NaN              NaN    NaN       NaN     NaN      NaN             NaN              NaN     NaN         NaN          NaN                       NaN    NaN           NaN              NaN              NaN                 NaN
xsret_28d    global      extra_trees [shuffled global] 27799 -0.00131 -0.21       308.0           0.516   0.3946     0.3888     0.4003          False      0.4985        0.4925        0.5044             False                    NaN     NaN           0.32608           NaN                 100.0  rank               NaN              NaN    NaN       NaN     NaN      NaN             NaN              NaN     NaN         NaN          NaN                       NaN    NaN           NaN              NaN              NaN                 NaN
xsret_28d within_ts   extra_trees [shuffled within_ts] 27799  0.00027  0.04       308.0           0.510   0.3943     0.3885     0.4000          False      0.5042        0.4983        0.5101             False                    NaN     NaN           0.32849           NaN                 100.0  rank               NaN              NaN    NaN       NaN     NaN      NaN             NaN              NaN     NaN         NaN          NaN                       NaN    NaN           NaN              NaN              NaN                 NaN
   vol_7d    global         catboost [shuffled global] 28191      NaN   NaN         NaN             NaN      NaN        NaN        NaN            NaN         NaN           NaN           NaN               NaN                    NaN 0.67975               NaN           NaN                   NaN   NaN           -0.0772          -0.0773 0.0031    0.0027 1.74958 -0.16114             NaN              NaN     NaN         NaN          NaN                       NaN    NaN           NaN              NaN              NaN                 NaN
   vol_7d within_ts      catboost [shuffled within_ts] 28191      NaN   NaN         NaN             NaN      NaN        NaN        NaN            NaN         NaN           NaN           NaN               NaN                    NaN 0.67574               NaN           NaN                   NaN   NaN           -0.0003          -0.0587 0.2307    0.2545 1.82568 -0.21801             NaN              NaN     NaN         NaN          NaN                       NaN    NaN           NaN              NaN              NaN                 NaN
  vol_28d    global          xgboost [shuffled global] 28023      NaN   NaN         NaN             NaN      NaN        NaN        NaN            NaN         NaN           NaN           NaN               NaN                    NaN 0.52470               NaN           NaN                   NaN   NaN           -0.0816          -0.0831 0.0048    0.0051 1.46950 -0.07625             NaN              NaN     NaN         NaN          NaN                       NaN    NaN           NaN              NaN              NaN                 NaN
  vol_28d within_ts       xgboost [shuffled within_ts] 28023      NaN   NaN         NaN             NaN      NaN        NaN        NaN            NaN         NaN           NaN           NaN               NaN                    NaN 0.53071               NaN           NaN                   NaN   NaN            0.0065          -0.0946 0.1910    0.1476 1.56954 -0.14647             NaN              NaN     NaN         NaN          NaN                       NaN    NaN           NaN              NaN              NaN                 NaN
 dd_7d_20    global      extra_trees [shuffled global] 28192      NaN   NaN         NaN             NaN      NaN        NaN        NaN            NaN         NaN           NaN           NaN               NaN                    NaN     NaN               NaN           NaN                   NaN   NaN               NaN              NaN    NaN       NaN     NaN      NaN          0.1797           0.1745 0.14778     0.14746      -0.0022                   -0.0024 0.4981        0.1692           0.1777            0.941              0.0204
 dd_7d_20 within_ts   extra_trees [shuffled within_ts] 28192      NaN   NaN         NaN             NaN      NaN        NaN        NaN            NaN         NaN           NaN           NaN               NaN                    NaN     NaN               NaN           NaN                   NaN   NaN               NaN              NaN    NaN       NaN     NaN      NaN          0.1827           0.1074 0.15097     0.15497       0.0259                   -0.0111 0.5294        0.2086           0.1582            1.142              0.0483
 dd_7d_40    global      extra_trees [shuffled global] 28192      NaN   NaN         NaN             NaN      NaN        NaN        NaN            NaN         NaN           NaN           NaN               NaN                    NaN     NaN               NaN           NaN                   NaN   NaN               NaN              NaN    NaN       NaN     NaN      NaN          0.0286           0.0277 0.02785     0.02781      -0.0015                   -0.0015 0.5009        0.0266           0.0252            0.929              0.0016
 dd_7d_40 within_ts   extra_trees [shuffled within_ts] 28192      NaN   NaN         NaN             NaN      NaN        NaN        NaN            NaN         NaN           NaN           NaN               NaN                    NaN     NaN               NaN           NaN                   NaN   NaN               NaN              NaN    NaN       NaN     NaN      NaN          0.0292           0.0151 0.02852     0.02850      -0.0006                   -0.0076 0.5339        0.0273           0.0234            0.937              0.0113
dd_28d_20    global    random_forest [shuffled global] 28058      NaN   NaN         NaN             NaN      NaN        NaN        NaN            NaN         NaN           NaN           NaN               NaN                    NaN     NaN               NaN           NaN                   NaN   NaN               NaN              NaN    NaN       NaN     NaN      NaN          0.5195           0.5295 0.25259     0.24972      -0.0115                   -0.0119 0.4960        0.5077           0.5237            0.977              0.0869
dd_28d_20 within_ts random_forest [shuffled within_ts] 28058      NaN   NaN         NaN             NaN      NaN        NaN        NaN            NaN         NaN           NaN           NaN               NaN                    NaN     NaN               NaN           NaN                   NaN   NaN               NaN              NaN    NaN       NaN     NaN      NaN          0.5278           0.3544 0.27422     0.27928       0.0181                   -0.1003 0.5145        0.5733           0.5280            1.086              0.2156
dd_28d_40    global    random_forest [shuffled global] 28035      NaN   NaN         NaN             NaN      NaN        NaN        NaN            NaN         NaN           NaN           NaN               NaN                    NaN     NaN               NaN           NaN                   NaN   NaN               NaN              NaN    NaN       NaN     NaN      NaN          0.1868           0.1740 0.15220     0.15207      -0.0008                   -0.0019 0.4982        0.1894           0.1809            1.014              0.0134
dd_28d_40 within_ts random_forest [shuffled within_ts] 28035      NaN   NaN         NaN             NaN      NaN        NaN        NaN            NaN         NaN           NaN           NaN               NaN                    NaN     NaN               NaN           NaN                   NaN   NaN               NaN              NaN    NaN       NaN     NaN      NaN          0.1900           0.1060 0.15955     0.16096       0.0088                   -0.0367 0.5287        0.2255           0.1534            1.187              0.0778

== time-proxy check ==
  |spearman vs time| top: age_days 0.4152, drawdown_from_ath -0.3738, funding_ann -0.364, mom_365 -0.358, vol_120 -0.355, vol_60 -0.2925, adv_90_xs 0.2585, har_rv_m -0.2462
  adversarial 'which half of the sample' AUC: all features 0.9993, cross-sectional ranks only 0.9499, without age_days 0.9991
  arch GARCH(1,1) BTC spot check: {'params': {'mu': 0.150843, 'omega': 0.760816, 'alpha[1]': 0.096823, 'beta[1]': 0.853293}, 'n': 937, 'n_train': 2201, 'r2_vs_train_mean': 0.0131, 'rmse': 0.26521, 'corr': 0.3029, 'bias': 0.17424}

trials this run: 70 selection, 258 screening
artefacts -> /home/shourya/earn-wk/ml3/runs/ml/final  (1071.5s)
