CPU zoo | threads=3 | cost=15.0 bps/side | seed={'seed': 0, 'random': True, 'numpy': True, 'torch': True, 'cuda': True}
panel: 206,152 eligible rows, 394 segments, 2018-02-13 -> 2026-09-24 (0.9s)

== ret_1d (logret_1d, daily, 206,093 rows, 5 folds) ==
  folds: 2: train 8468 -> test 36808 [2020-07-31..2021-10-22] purged 19 | 3: train 45143 -> test 48323 [2021-10-23..2023-01-15] purged 152 | 4: train 93569 -> test 35041 [2023-01-16..2024-04-08] purged 49 | 5: train 128504 -> test 51243 [2024-04-09..2025-07-01] purged 155 | 6: train 179822 -> test 26191 [2025-07-02..2026-09-23] purged 80
    ridge             35.3s  {'alpha': 10000.0}
    lightgbm        1025.2s  {'num_leaves': 31, 'min_child_samples': 500, 'n_estimators': 300, 'learning_rate': 0.03}
    random_forest    674.6s  {'min_samples_leaf': 50}
    extra_trees      164.7s  {'min_samples_leaf': 50}
target                                                    model      n  rank_ic  ic_t  ic_periods  ic_hit_periods  dir_acc  dir_ci_lo  dir_ci_hi  beats_coinflip  xs_dir_acc  xs_dir_ci_lo  xs_dir_ci_hi  xs_beats_coinflip  r2_oos_vs_persistence    rmse  rmse_persistence  mape_ret_pct  mape_persistence_pct   family scale   fit_s
ret_1d            baseline: -vol_60_xs (project's best feature) 197606  0.07905 14.41        2246           0.632   0.5145     0.5123     0.5167            True      0.5275        0.5252        0.5297               True                    NaN     NaN           0.06419           NaN                 100.0 baseline  rank     NaN
ret_1d baseline: -vol_60_xs + age_days (audit's filter, ranked) 197606  0.07745 14.12        2246           0.627   0.5108     0.5086     0.5130            True      0.5279        0.5257        0.5301               True                    NaN     NaN           0.06419           NaN                 100.0 baseline  rank     NaN
ret_1d                                            random_forest 197606  0.05213 13.72        2246           0.619   0.5165     0.5143     0.5187            True      0.5187        0.5165        0.5209               True               -0.00368 0.06431           0.06419         120.1                 100.0   forest   NaN  674.56
ret_1d                                       baseline: age_days 197606  0.05137 10.96        2246           0.582   0.4855     0.4833     0.4877           False      0.5179        0.5156        0.5201               True                    NaN     NaN           0.06419           NaN                 100.0 baseline  rank     NaN
ret_1d                                              extra_trees 197606  0.04411 11.63        2246           0.598   0.5145     0.5123     0.5167            True      0.5154        0.5132        0.5176               True               -0.00049 0.06420           0.06419         110.0                 100.0   forest   NaN  164.66
ret_1d                                                 lightgbm 197606  0.03611  9.69        2246           0.576   0.5157     0.5135     0.5179            True      0.5132        0.5109        0.5154               True               -0.02377 0.06495           0.06419         140.5                 100.0     gbdt   NaN 1025.18
ret_1d                                                    ridge 197606  0.02819  7.32        2246           0.565   0.5157     0.5134     0.5179            True      0.5117        0.5095        0.5139               True               -0.03229 0.06522           0.06419         129.3                 100.0   linear   NaN   35.31
ret_1d                                         baseline: mom_30 197606 -0.02916 -6.37        2246           0.571   0.4993     0.4971     0.5015           False      0.4878        0.4856        0.4900              False                    NaN     NaN           0.06419           NaN                 100.0 baseline  rank     NaN
ret_1d                           baseline: persistence (pred 0) 197606      NaN   NaN           0             NaN      NaN        NaN        NaN           False         NaN           NaN           NaN              False                0.00000 0.06419           0.06419         100.0                 100.0 baseline   NaN     NaN

== xsret_1d (logret_1d, daily, 205,880 rows, 5 folds) ==
  folds: 2: train 9970 -> test 43708 [2020-10-07..2021-12-16] purged 29 | 3: train 53543 -> test 41809 [2021-12-17..2023-02-24] purged 164 | 4: train 95453 -> test 37326 [2023-02-25..2024-05-05] purged 63 | 5: train 132675 -> test 47969 [2024-05-06..2025-07-15] purged 167 | 6: train 180729 -> test 25069 [2025-07-16..2026-09-23] purged 82
    ridge             11.0s  {'alpha': 10000.0}
    lightgbm         516.0s  {'num_leaves': 31, 'min_child_samples': 500, 'n_estimators': 300, 'learning_rate': 0.03}
    random_forest    401.3s  {'min_samples_leaf': 50}
    extra_trees      125.5s  {'min_samples_leaf': 50}
  target                                                    model      n  rank_ic  ic_t  ic_periods  ic_hit_periods  dir_acc  dir_ci_lo  dir_ci_hi  beats_coinflip  xs_dir_acc  xs_dir_ci_lo  xs_dir_ci_hi  xs_beats_coinflip  r2_oos_vs_persistence    rmse  rmse_persistence  mape_ret_pct  mape_persistence_pct   family scale  fit_s
xsret_1d                                              extra_trees 195881  0.08609 17.33        2178           0.666   0.5032     0.5010     0.5054            True      0.5327        0.5305        0.5349               True                    NaN     NaN           0.06422           NaN                 100.0   forest  rank 125.54
xsret_1d                                            random_forest 195881  0.08467 19.20        2178           0.674   0.5090     0.5068     0.5113            True      0.5322        0.5300        0.5345               True                    NaN     NaN           0.06422           NaN                 100.0   forest  rank 401.32
xsret_1d            baseline: -vol_60_xs (project's best feature) 195881  0.07775 14.13        2178           0.630   0.5148     0.5126     0.5170            True      0.5272        0.5250        0.5294               True                    NaN     NaN           0.06422           NaN                 100.0 baseline  rank    NaN
xsret_1d                                                 lightgbm 195881  0.07648 18.14        2178           0.652   0.5095     0.5073     0.5118            True      0.5284        0.5261        0.5306               True                    NaN     NaN           0.06422           NaN                 100.0     gbdt  rank 515.98
xsret_1d baseline: -vol_60_xs + age_days (audit's filter, ranked) 195881  0.07643 13.84        2178           0.626   0.5106     0.5083     0.5128            True      0.5277        0.5255        0.5299               True                    NaN     NaN           0.06422           NaN                 100.0 baseline  rank    NaN
xsret_1d                                                    ridge 195881  0.07318 15.00        2178           0.625   0.5083     0.5060     0.5105            True      0.5250        0.5228        0.5273               True                    NaN     NaN           0.06422           NaN                 100.0   linear  rank  10.95
xsret_1d                                       baseline: age_days 195881  0.05094 10.76        2178           0.581   0.4852     0.4830     0.4874           False      0.5178        0.5156        0.5201               True                    NaN     NaN           0.06422           NaN                 100.0 baseline  rank    NaN
xsret_1d                                         baseline: mom_30 195881 -0.02875 -6.24        2178           0.571   0.4994     0.4972     0.5016           False      0.4878        0.4856        0.4900              False                    NaN     NaN           0.06422           NaN                 100.0 baseline  rank    NaN
xsret_1d                           baseline: persistence (pred 0) 195881      NaN   NaN           0             NaN      NaN        NaN        NaN           False         NaN           NaN           NaN              False                    0.0 0.06422           0.06422         100.0                 100.0 baseline   NaN    NaN

== costed books (15 bps/side, long-only, rebalance = label horizon) ==
  target  top_k                         book   CAGR   vol  Sharpe  MaxDD  turn/yr  cost drag %/yr  sharpe_se  years  n_periods  total_return_pct
  ret_1d    5.0           random_forest top5 -33.14 98.01   0.091 -99.67   452.80           67.92      0.403   6.15       2245             -91.6
  ret_1d   10.0          random_forest top10 -26.45 91.76   0.136 -99.19   391.08           58.66      0.403   6.15       2245             -84.9
  ret_1d   20.0          random_forest top20 -14.17 89.13   0.284 -97.38   305.82           45.87      0.403   6.15       2245             -60.9
  ret_1d    NaN    equal-weight all eligible  -6.49 86.04   0.362 -95.65     5.93            0.89      0.403   6.15       2245             -33.8
  ret_1d    NaN             BTC buy-and-hold  38.56 57.21   0.856 -76.63     0.16            0.02      0.403   6.15       2245             643.5
  ret_1d   10.0 -vol_60_xs top10 (1 feature)  23.10 66.28   0.651 -79.98    26.14            3.92      0.403   6.15       2245             259.0
xsret_1d    5.0             extra_trees top5   3.53 71.92   0.415 -90.46   171.18           25.68      0.410   5.96       2177              23.0
xsret_1d   10.0            extra_trees top10   2.60 73.88   0.411 -93.08   148.92           22.34      0.410   5.96       2177              16.6
xsret_1d   20.0            extra_trees top20   1.53 78.79   0.422 -94.51   122.49           18.37      0.410   5.96       2177               9.5
xsret_1d    NaN    equal-weight all eligible  -4.91 86.07   0.382 -95.65     5.95            0.89      0.410   5.96       2177             -25.9
xsret_1d    NaN             BTC buy-and-hold  41.42 57.48   0.890 -76.63     0.17            0.03      0.410   5.96       2177             690.1
xsret_1d   10.0 -vol_60_xs top10 (1 feature)  24.09 66.13   0.663 -79.98    26.62            3.99      0.410   5.96       2177             262.3

trials this run: 8 selection, 32 screening
artefacts -> /home/shourya/earn-wk/ml3/runs/ml/daily  (3187.5s)
